* EvoSuite 1.2.0
* Going to generate test cases for class: org.apache.avro.data.TimeConversions$TimeMillisConversion
* Starting Client-0
* Connecting to master process on port 17345
* Analyzing classpath: 
  - target/classes
  - /Users/lele/.m2/repository/com/fasterxml/jackson/core/jackson-core/2.14.3/jackson-core-2.14.3.jar
  - /Users/lele/.m2/repository/com/fasterxml/jackson/core/jackson-databind/2.14.3/jackson-databind-2.14.3.jar
  - /Users/lele/.m2/repository/com/fasterxml/jackson/core/jackson-annotations/2.14.3/jackson-annotations-2.14.3.jar
[MASTER] 17:42:33.826 [logback-1] WARN  InheritanceTree - Class not in inheritance graph: java.util.Locale$IsoCountryCode
[MASTER] 17:42:33.841 [logback-1] WARN  InheritanceTree - Class not in inheritance graph: java.io.ObjectInputFilter
[MASTER] 17:42:33.948 [logback-2] ERROR ConcreteClassAnalyzer - Problem for org.apache.avro.data.TimeConversions$TimeMillisConversion. Class not found: jdk.Exported
[MASTER] 17:42:33.948 [logback-2] ERROR ConcreteClassAnalyzer - Removing class from inheritance tree
[MASTER] 17:42:33.948 [logback-2] ERROR ConcreteClassAnalyzer - Problem for org.apache.avro.data.TimeConversions$TimeMillisConversion. Class not found: javax.jws.WebService
[MASTER] 17:42:33.948 [logback-2] ERROR ConcreteClassAnalyzer - Removing class from inheritance tree
[MASTER] 17:42:33.948 [logback-2] ERROR ConcreteClassAnalyzer - Problem for org.apache.avro.data.TimeConversions$TimeMillisConversion. Class not found: javax.jws.WebParam
[MASTER] 17:42:33.948 [logback-2] ERROR ConcreteClassAnalyzer - Removing class from inheritance tree
[MASTER] 17:42:33.949 [logback-2] ERROR ConcreteClassAnalyzer - Problem for org.apache.avro.data.TimeConversions$TimeMillisConversion. Class not found: javax.jws.HandlerChain
[MASTER] 17:42:33.949 [logback-2] ERROR ConcreteClassAnalyzer - Removing class from inheritance tree
[MASTER] 17:42:33.949 [logback-2] ERROR ConcreteClassAnalyzer - Problem for org.apache.avro.data.TimeConversions$TimeMillisConversion. Class not found: javax.jws.WebMethod
[MASTER] 17:42:33.949 [logback-2] ERROR ConcreteClassAnalyzer - Removing class from inheritance tree
[MASTER] 17:42:33.949 [logback-2] ERROR ConcreteClassAnalyzer - Problem for org.apache.avro.data.TimeConversions$TimeMillisConversion. Class not found: javax.jws.WebResult
[MASTER] 17:42:33.949 [logback-2] ERROR ConcreteClassAnalyzer - Removing class from inheritance tree
[MASTER] 17:42:33.949 [logback-2] ERROR ConcreteClassAnalyzer - Problem for org.apache.avro.data.TimeConversions$TimeMillisConversion. Class not found: javax.jws.Oneway
[MASTER] 17:42:33.949 [logback-2] ERROR ConcreteClassAnalyzer - Removing class from inheritance tree
[MASTER] 17:42:33.949 [logback-2] ERROR ConcreteClassAnalyzer - Problem for org.apache.avro.data.TimeConversions$TimeMillisConversion. Class not found: javax.jws.soap.InitParam
[MASTER] 17:42:33.949 [logback-2] ERROR ConcreteClassAnalyzer - Removing class from inheritance tree
[MASTER] 17:42:33.950 [logback-2] ERROR ConcreteClassAnalyzer - Problem for org.apache.avro.data.TimeConversions$TimeMillisConversion. Class not found: javax.jws.soap.SOAPBinding
[MASTER] 17:42:33.950 [logback-2] ERROR ConcreteClassAnalyzer - Removing class from inheritance tree
[MASTER] 17:42:33.950 [logback-2] ERROR ConcreteClassAnalyzer - Problem for org.apache.avro.data.TimeConversions$TimeMillisConversion. Class not found: javax.jws.soap.SOAPMessageHandler
[MASTER] 17:42:33.950 [logback-2] ERROR ConcreteClassAnalyzer - Removing class from inheritance tree
[MASTER] 17:42:33.951 [logback-2] ERROR ConcreteClassAnalyzer - Problem for org.apache.avro.data.TimeConversions$TimeMillisConversion. Class not found: javax.jws.soap.SOAPMessageHandlers
[MASTER] 17:42:33.951 [logback-2] ERROR ConcreteClassAnalyzer - Removing class from inheritance tree
[MASTER] 17:42:34.122 [logback-1] WARN  InheritanceTree - Class not in inheritance graph: java.lang.module.ModuleFinder
* Finished analyzing classpath
* Generating tests for class org.apache.avro.data.TimeConversions$TimeMillisConversion
* Test criterion:
  - Branch Coverage
* Total number of test goals for DYNAMOSA: 7
* Using seed 12345
* Starting evolution
[Progress:>                             0%] [Cov:>                                  0%]* Initial Number of Goals in DynaMOSA = 7 / 7
[Progress:>                             0%] [Cov:===================================100%]
* Search finished after 0s and 0 generations, 357 statements, best individual has fitness: 0.0
* Minimizing test suite
* Going to analyze the coverage criteria
* Coverage analysis for criterion BRANCH
* Coverage of criterion BRANCH: 100%
* Total number of goals: 7
* Number of covered goals: 7
* Generated 5 tests with total length 14
* Resulting test suite's coverage: 100%
* Generating assertions
* Resulting test suite's mutation score: 100%
* Compiling and checking tests
[MASTER] 17:42:36.101 [logback-1] WARN  JUnitAnalyzer - EvoSuite problem: tests set up a security manager, but they do not remove it after execution
* Writing tests to file
* Writing JUnit test case 'TimeConversions$TimeMillisConversion_ESTest' to target/evosuite/C2/tests
* Done!

* Computation finished
