* EvoSuite 1.2.0
* Going to generate test cases for class: org.apache.avro.data.TimeConversions$LocalTimestampMillisConversion
* Starting Client-0
* Connecting to master process on port 17345
* Analyzing classpath: 
  - target/classes
  - /Users/lele/.m2/repository/com/fasterxml/jackson/core/jackson-core/2.14.3/jackson-core-2.14.3.jar
  - /Users/lele/.m2/repository/com/fasterxml/jackson/core/jackson-databind/2.14.3/jackson-databind-2.14.3.jar
  - /Users/lele/.m2/repository/com/fasterxml/jackson/core/jackson-annotations/2.14.3/jackson-annotations-2.14.3.jar
[MASTER] 16:33:55.646 [logback-1] WARN  InheritanceTree - Class not in inheritance graph: java.util.Locale$IsoCountryCode
[MASTER] 16:33:55.662 [logback-1] WARN  InheritanceTree - Class not in inheritance graph: java.io.ObjectInputFilter
[MASTER] 16:33:55.773 [logback-2] ERROR ConcreteClassAnalyzer - Problem for org.apache.avro.data.TimeConversions$LocalTimestampMillisConversion. Class not found: jdk.Exported
[MASTER] 16:33:55.773 [logback-2] ERROR ConcreteClassAnalyzer - Removing class from inheritance tree
[MASTER] 16:33:55.773 [logback-2] ERROR ConcreteClassAnalyzer - Problem for org.apache.avro.data.TimeConversions$LocalTimestampMillisConversion. Class not found: javax.jws.WebService
[MASTER] 16:33:55.773 [logback-2] ERROR ConcreteClassAnalyzer - Removing class from inheritance tree
[MASTER] 16:33:55.773 [logback-2] ERROR ConcreteClassAnalyzer - Problem for org.apache.avro.data.TimeConversions$LocalTimestampMillisConversion. Class not found: javax.jws.WebParam
[MASTER] 16:33:55.773 [logback-2] ERROR ConcreteClassAnalyzer - Removing class from inheritance tree
[MASTER] 16:33:55.774 [logback-2] ERROR ConcreteClassAnalyzer - Problem for org.apache.avro.data.TimeConversions$LocalTimestampMillisConversion. Class not found: javax.jws.HandlerChain
[MASTER] 16:33:55.774 [logback-2] ERROR ConcreteClassAnalyzer - Removing class from inheritance tree
[MASTER] 16:33:55.774 [logback-2] ERROR ConcreteClassAnalyzer - Problem for org.apache.avro.data.TimeConversions$LocalTimestampMillisConversion. Class not found: javax.jws.WebMethod
[MASTER] 16:33:55.774 [logback-2] ERROR ConcreteClassAnalyzer - Removing class from inheritance tree
[MASTER] 16:33:55.774 [logback-2] ERROR ConcreteClassAnalyzer - Problem for org.apache.avro.data.TimeConversions$LocalTimestampMillisConversion. Class not found: javax.jws.WebResult
[MASTER] 16:33:55.774 [logback-2] ERROR ConcreteClassAnalyzer - Removing class from inheritance tree
[MASTER] 16:33:55.774 [logback-2] ERROR ConcreteClassAnalyzer - Problem for org.apache.avro.data.TimeConversions$LocalTimestampMillisConversion. Class not found: javax.jws.Oneway
[MASTER] 16:33:55.774 [logback-2] ERROR ConcreteClassAnalyzer - Removing class from inheritance tree
[MASTER] 16:33:55.774 [logback-2] ERROR ConcreteClassAnalyzer - Problem for org.apache.avro.data.TimeConversions$LocalTimestampMillisConversion. Class not found: javax.jws.soap.InitParam
[MASTER] 16:33:55.774 [logback-2] ERROR ConcreteClassAnalyzer - Removing class from inheritance tree
[MASTER] 16:33:55.775 [logback-2] ERROR ConcreteClassAnalyzer - Problem for org.apache.avro.data.TimeConversions$LocalTimestampMillisConversion. Class not found: javax.jws.soap.SOAPBinding
[MASTER] 16:33:55.775 [logback-2] ERROR ConcreteClassAnalyzer - Removing class from inheritance tree
[MASTER] 16:33:55.775 [logback-2] ERROR ConcreteClassAnalyzer - Problem for org.apache.avro.data.TimeConversions$LocalTimestampMillisConversion. Class not found: javax.jws.soap.SOAPMessageHandler
[MASTER] 16:33:55.775 [logback-2] ERROR ConcreteClassAnalyzer - Removing class from inheritance tree
[MASTER] 16:33:55.776 [logback-2] ERROR ConcreteClassAnalyzer - Problem for org.apache.avro.data.TimeConversions$LocalTimestampMillisConversion. Class not found: javax.jws.soap.SOAPMessageHandlers
[MASTER] 16:33:55.776 [logback-2] ERROR ConcreteClassAnalyzer - Removing class from inheritance tree
[MASTER] 16:33:55.961 [logback-1] WARN  InheritanceTree - Class not in inheritance graph: java.lang.module.ModuleFinder
* Finished analyzing classpath
* Generating tests for class org.apache.avro.data.TimeConversions$LocalTimestampMillisConversion
* Test criterion:
  - Branch Coverage
* Total number of test goals for DYNAMOSA: 6
* Using seed 12345
* Starting evolution
[Progress:>                             0%] [Cov:>                                  0%]* Initial Number of Goals in DynaMOSA = 6 / 6
[Progress:>                             0%] [Cov:===================================100%]
* Search finished after 0s and 0 generations, 350 statements, best individual has fitness: 0.0
* Minimizing test suite
* Going to analyze the coverage criteria
* Coverage analysis for criterion BRANCH
* Coverage of criterion BRANCH: 100%
* Total number of goals: 6
* Number of covered goals: 6
* Generated 4 tests with total length 13
* Resulting test suite's coverage: 100%
* Generating assertions
* Resulting test suite's mutation score: 100%
* Compiling and checking tests
[MASTER] 16:33:57.985 [logback-1] WARN  JUnitAnalyzer - EvoSuite problem: tests set up a security manager, but they do not remove it after execution
* Writing tests to file
* Writing JUnit test case 'TimeConversions$LocalTimestampMillisConversion_ESTest' to target/evosuite/C1/tests
* Done!

* Computation finished
