* EvoSuite 1.2.0
* Going to generate test cases for class: org.apache.avro.data.TimeConversions$TimestampMicrosConversion
* Starting Client-0
* Connecting to master process on port 17345
* Analyzing classpath: 
  - target/classes
  - /Users/lele/.m2/repository/com/fasterxml/jackson/core/jackson-core/2.14.3/jackson-core-2.14.3.jar
  - /Users/lele/.m2/repository/com/fasterxml/jackson/core/jackson-databind/2.14.3/jackson-databind-2.14.3.jar
  - /Users/lele/.m2/repository/com/fasterxml/jackson/core/jackson-annotations/2.14.3/jackson-annotations-2.14.3.jar
[MASTER] 16:33:41.726 [logback-1] WARN  InheritanceTree - Class not in inheritance graph: java.util.Locale$IsoCountryCode
[MASTER] 16:33:41.734 [logback-1] WARN  InheritanceTree - Class not in inheritance graph: java.io.ObjectInputFilter
[MASTER] 16:33:41.854 [logback-2] ERROR ConcreteClassAnalyzer - Problem for org.apache.avro.data.TimeConversions$TimestampMicrosConversion. Class not found: jdk.Exported
[MASTER] 16:33:41.854 [logback-2] ERROR ConcreteClassAnalyzer - Removing class from inheritance tree
[MASTER] 16:33:41.854 [logback-2] ERROR ConcreteClassAnalyzer - Problem for org.apache.avro.data.TimeConversions$TimestampMicrosConversion. Class not found: javax.jws.WebService
[MASTER] 16:33:41.854 [logback-2] ERROR ConcreteClassAnalyzer - Removing class from inheritance tree
[MASTER] 16:33:41.854 [logback-2] ERROR ConcreteClassAnalyzer - Problem for org.apache.avro.data.TimeConversions$TimestampMicrosConversion. Class not found: javax.jws.WebParam
[MASTER] 16:33:41.854 [logback-2] ERROR ConcreteClassAnalyzer - Removing class from inheritance tree
[MASTER] 16:33:41.855 [logback-2] ERROR ConcreteClassAnalyzer - Problem for org.apache.avro.data.TimeConversions$TimestampMicrosConversion. Class not found: javax.jws.HandlerChain
[MASTER] 16:33:41.855 [logback-2] ERROR ConcreteClassAnalyzer - Removing class from inheritance tree
[MASTER] 16:33:41.855 [logback-2] ERROR ConcreteClassAnalyzer - Problem for org.apache.avro.data.TimeConversions$TimestampMicrosConversion. Class not found: javax.jws.WebMethod
[MASTER] 16:33:41.855 [logback-2] ERROR ConcreteClassAnalyzer - Removing class from inheritance tree
[MASTER] 16:33:41.855 [logback-2] ERROR ConcreteClassAnalyzer - Problem for org.apache.avro.data.TimeConversions$TimestampMicrosConversion. Class not found: javax.jws.WebResult
[MASTER] 16:33:41.855 [logback-2] ERROR ConcreteClassAnalyzer - Removing class from inheritance tree
[MASTER] 16:33:41.855 [logback-2] ERROR ConcreteClassAnalyzer - Problem for org.apache.avro.data.TimeConversions$TimestampMicrosConversion. Class not found: javax.jws.Oneway
[MASTER] 16:33:41.855 [logback-2] ERROR ConcreteClassAnalyzer - Removing class from inheritance tree
[MASTER] 16:33:41.856 [logback-2] ERROR ConcreteClassAnalyzer - Problem for org.apache.avro.data.TimeConversions$TimestampMicrosConversion. Class not found: javax.jws.soap.InitParam
[MASTER] 16:33:41.856 [logback-2] ERROR ConcreteClassAnalyzer - Removing class from inheritance tree
[MASTER] 16:33:41.856 [logback-2] ERROR ConcreteClassAnalyzer - Problem for org.apache.avro.data.TimeConversions$TimestampMicrosConversion. Class not found: javax.jws.soap.SOAPBinding
[MASTER] 16:33:41.856 [logback-2] ERROR ConcreteClassAnalyzer - Removing class from inheritance tree
[MASTER] 16:33:41.856 [logback-2] ERROR ConcreteClassAnalyzer - Problem for org.apache.avro.data.TimeConversions$TimestampMicrosConversion. Class not found: javax.jws.soap.SOAPMessageHandler
[MASTER] 16:33:41.856 [logback-2] ERROR ConcreteClassAnalyzer - Removing class from inheritance tree
[MASTER] 16:33:41.857 [logback-2] ERROR ConcreteClassAnalyzer - Problem for org.apache.avro.data.TimeConversions$TimestampMicrosConversion. Class not found: javax.jws.soap.SOAPMessageHandlers
[MASTER] 16:33:41.857 [logback-2] ERROR ConcreteClassAnalyzer - Removing class from inheritance tree
[MASTER] 16:33:42.045 [logback-1] WARN  InheritanceTree - Class not in inheritance graph: java.lang.module.ModuleFinder
* Finished analyzing classpath
* Generating tests for class org.apache.avro.data.TimeConversions$TimestampMicrosConversion
* Test criterion:
  - Branch Coverage
* Total number of test goals for DYNAMOSA: 10
* Using seed 12345
* Starting evolution
[Progress:>                             0%] [Cov:>                                  0%]* Initial Number of Goals in DynaMOSA = 8 / 10
[MASTER] 16:33:42.392 [logback-1] WARN  TestCluster - Failed to check cache for java.util.Enumeration<E> : Type points to itself
[Progress:>                             0%] [Cov:========================>          70%][Progress:>                             0%] [Cov:===============================>   90%][Progress:>                             0%] [Cov:===============================>   90%][Progress:>                             0%] [Cov:===============================>   90%][Progress:>                             0%] [Cov:===============================>   90%][Progress:>                             0%] [Cov:===================================100%]
* Search finished after 0s and 5 generations, 3715 statements, best individual has fitness: 0.0
* Minimizing test suite
* Going to analyze the coverage criteria
* Coverage analysis for criterion BRANCH
* Coverage of criterion BRANCH: 100%
* Total number of goals: 10
* Number of covered goals: 10
* Generated 7 tests with total length 26
* Resulting test suite's coverage: 100%
* Generating assertions
* Resulting test suite's mutation score: 75%
* Compiling and checking tests
[MASTER] 16:33:44.613 [logback-1] WARN  JUnitAnalyzer - EvoSuite problem: tests set up a security manager, but they do not remove it after execution
* Writing tests to file
* Writing JUnit test case 'TimeConversions$TimestampMicrosConversion_ESTest' to target/evosuite/C1/tests
* Done!

* Computation finished
