* EvoSuite 1.2.0
* Going to generate test cases for class: org.apache.avro.Schema$Field$Order
* Starting Client-0
* Connecting to master process on port 17345
* Analyzing classpath: 
  - target/classes
  - /Users/lele/.m2/repository/com/fasterxml/jackson/core/jackson-core/2.14.3/jackson-core-2.14.3.jar
  - /Users/lele/.m2/repository/com/fasterxml/jackson/core/jackson-databind/2.14.3/jackson-databind-2.14.3.jar
  - /Users/lele/.m2/repository/com/fasterxml/jackson/core/jackson-annotations/2.14.3/jackson-annotations-2.14.3.jar
* Finished analyzing classpath
* Generating tests for class org.apache.avro.Schema$Field$Order
* Test criterion:
  - Branch Coverage
* Total number of test goals for DYNAMOSA: 0

* Search finished after 0s and 0 generations, 0 statements, best individual has fitness: 0.0
* Computation finished
[MASTER] 16:09:58.329 [logback-2] ERROR ClientNodeImpl - Error when generating tests for: org.apache.avro.Schema$Field$Order with seed 12345. Configuration id : null
java.lang.NullPointerException: null
	at org.evosuite.ga.metaheuristics.mosa.DynaMOSA.getFitnessFunctions(DynaMOSA.java:197)
	at org.evosuite.ga.metaheuristics.TestSuiteAdapter.getFitnessFunctions(TestSuiteAdapter.java:642)
	at org.evosuite.strategy.MOSuiteStrategy.generateTests(MOSuiteStrategy.java:161)
	at org.evosuite.TestSuiteGenerator.generateTests(TestSuiteGenerator.java:630)
	at org.evosuite.TestSuiteGenerator.generateTestSuite(TestSuiteGenerator.java:208)
	at org.evosuite.rmi.service.ClientNodeImpl.lambda$startNewSearch$0(ClientNodeImpl.java:140)
	at java.base/java.util.concurrent.Executors$RunnableAdapter.call(Executors.java:515)
	at java.base/java.util.concurrent.FutureTask.run(FutureTask.java:264)
	at java.base/java.util.concurrent.ThreadPoolExecutor.runWorker(ThreadPoolExecutor.java:1128)
	at java.base/java.util.concurrent.ThreadPoolExecutor$Worker.run(ThreadPoolExecutor.java:628)
	at java.base/java.lang.Thread.run(Thread.java:829)
[MASTER] 16:09:58.434 [main] ERROR SearchStatistics - No statistics has been saved because EvoSuite failed to generate any test case
[MASTER] 16:09:58.540 [main] ERROR TestGeneration - failed to write statistics data
