* EvoSuite 1.2.0
* Going to generate test cases for class: org.apache.avro.data.TimeConversions$TimestampMicrosConversion
* Starting Client-0
* Connecting to master process on port 17345
* Analyzing classpath: 
  - target/classes
  - /Users/lele/.m2/repository/com/fasterxml/jackson/core/jackson-core/2.14.3/jackson-core-2.14.3.jar
  - /Users/lele/.m2/repository/com/fasterxml/jackson/core/jackson-databind/2.14.3/jackson-databind-2.14.3.jar
  - /Users/lele/.m2/repository/com/fasterxml/jackson/core/jackson-annotations/2.14.3/jackson-annotations-2.14.3.jar
[MASTER] 18:25:15.777 [logback-1] WARN  InheritanceTree - Class not in inheritance graph: java.util.Locale$IsoCountryCode
[MASTER] 18:25:15.786 [logback-1] WARN  InheritanceTree - Class not in inheritance graph: java.io.ObjectInputFilter
[MASTER] 18:25:15.907 [logback-2] ERROR ConcreteClassAnalyzer - Problem for org.apache.avro.data.TimeConversions$TimestampMicrosConversion. Class not found: jdk.Exported
[MASTER] 18:25:15.908 [logback-2] ERROR ConcreteClassAnalyzer - Removing class from inheritance tree
[MASTER] 18:25:15.908 [logback-2] ERROR ConcreteClassAnalyzer - Problem for org.apache.avro.data.TimeConversions$TimestampMicrosConversion. Class not found: javax.jws.WebService
[MASTER] 18:25:15.908 [logback-2] ERROR ConcreteClassAnalyzer - Removing class from inheritance tree
[MASTER] 18:25:15.908 [logback-2] ERROR ConcreteClassAnalyzer - Problem for org.apache.avro.data.TimeConversions$TimestampMicrosConversion. Class not found: javax.jws.WebParam
[MASTER] 18:25:15.908 [logback-2] ERROR ConcreteClassAnalyzer - Removing class from inheritance tree
[MASTER] 18:25:15.909 [logback-2] ERROR ConcreteClassAnalyzer - Problem for org.apache.avro.data.TimeConversions$TimestampMicrosConversion. Class not found: javax.jws.HandlerChain
[MASTER] 18:25:15.909 [logback-2] ERROR ConcreteClassAnalyzer - Removing class from inheritance tree
[MASTER] 18:25:15.909 [logback-2] ERROR ConcreteClassAnalyzer - Problem for org.apache.avro.data.TimeConversions$TimestampMicrosConversion. Class not found: javax.jws.WebMethod
[MASTER] 18:25:15.909 [logback-2] ERROR ConcreteClassAnalyzer - Removing class from inheritance tree
[MASTER] 18:25:15.909 [logback-2] ERROR ConcreteClassAnalyzer - Problem for org.apache.avro.data.TimeConversions$TimestampMicrosConversion. Class not found: javax.jws.WebResult
[MASTER] 18:25:15.909 [logback-2] ERROR ConcreteClassAnalyzer - Removing class from inheritance tree
[MASTER] 18:25:15.909 [logback-2] ERROR ConcreteClassAnalyzer - Problem for org.apache.avro.data.TimeConversions$TimestampMicrosConversion. Class not found: javax.jws.Oneway
[MASTER] 18:25:15.909 [logback-2] ERROR ConcreteClassAnalyzer - Removing class from inheritance tree
[MASTER] 18:25:15.910 [logback-2] ERROR ConcreteClassAnalyzer - Problem for org.apache.avro.data.TimeConversions$TimestampMicrosConversion. Class not found: javax.jws.soap.InitParam
[MASTER] 18:25:15.910 [logback-2] ERROR ConcreteClassAnalyzer - Removing class from inheritance tree
[MASTER] 18:25:15.911 [logback-2] ERROR ConcreteClassAnalyzer - Problem for org.apache.avro.data.TimeConversions$TimestampMicrosConversion. Class not found: javax.jws.soap.SOAPBinding
[MASTER] 18:25:15.911 [logback-2] ERROR ConcreteClassAnalyzer - Removing class from inheritance tree
[MASTER] 18:25:15.911 [logback-2] ERROR ConcreteClassAnalyzer - Problem for org.apache.avro.data.TimeConversions$TimestampMicrosConversion. Class not found: javax.jws.soap.SOAPMessageHandler
[MASTER] 18:25:15.911 [logback-2] ERROR ConcreteClassAnalyzer - Removing class from inheritance tree
[MASTER] 18:25:15.911 [logback-2] ERROR ConcreteClassAnalyzer - Problem for org.apache.avro.data.TimeConversions$TimestampMicrosConversion. Class not found: javax.jws.soap.SOAPMessageHandlers
[MASTER] 18:25:15.911 [logback-2] ERROR ConcreteClassAnalyzer - Removing class from inheritance tree
[MASTER] 18:25:16.094 [logback-1] WARN  InheritanceTree - Class not in inheritance graph: java.lang.module.ModuleFinder
* Finished analyzing classpath
* Generating tests for class org.apache.avro.data.TimeConversions$TimestampMicrosConversion
* Test criterion:
  - Branch Coverage
* Total number of test goals for DYNAMOSA: 10
* Using seed 12345
* Starting evolution
[Progress:>                             0%] [Cov:>                                  0%]* Initial Number of Goals in DynaMOSA = 8 / 10
[Progress:>                             0%] [Cov:=================>                 50%][MASTER] 18:25:16.458 [logback-1] WARN  TestCluster - Failed to check cache for java.time.temporal.TemporalQuery<R> : Type points to itself
[Progress:>                             0%] [Cov:===============================>   90%][Progress:>                             0%] [Cov:===============================>   90%][Progress:>                             0%] [Cov:===============================>   90%][Progress:>                             0%] [Cov:===================================100%]
* Search finished after 0s and 4 generations, 3137 statements, best individual has fitness: 0.0
* Minimizing test suite
* Going to analyze the coverage criteria
* Coverage analysis for criterion BRANCH
* Coverage of criterion BRANCH: 100%
* Total number of goals: 10
* Number of covered goals: 10
* Generated 6 tests with total length 26
* Resulting test suite's coverage: 100%
* Generating assertions
* Resulting test suite's mutation score: 69%
* Compiling and checking tests
[MASTER] 18:25:18.566 [logback-1] WARN  JUnitAnalyzer - EvoSuite problem: tests set up a security manager, but they do not remove it after execution
* Writing tests to file
* Writing JUnit test case 'TimeConversions$TimestampMicrosConversion_ESTest' to target/evosuite/C3/tests
* Done!

* Computation finished
