* EvoSuite 1.2.0
* Going to generate test cases for class: org.apache.avro.data.TimeConversions$TimestampMillisConversion
* Starting Client-0
* Connecting to master process on port 17345
* Analyzing classpath: 
  - target/classes
  - /Users/lele/.m2/repository/com/fasterxml/jackson/core/jackson-core/2.14.3/jackson-core-2.14.3.jar
  - /Users/lele/.m2/repository/com/fasterxml/jackson/core/jackson-databind/2.14.3/jackson-databind-2.14.3.jar
  - /Users/lele/.m2/repository/com/fasterxml/jackson/core/jackson-annotations/2.14.3/jackson-annotations-2.14.3.jar
[MASTER] 18:52:22.078 [logback-1] WARN  InheritanceTree - Class not in inheritance graph: java.util.Locale$IsoCountryCode
[MASTER] 18:52:22.085 [logback-1] WARN  InheritanceTree - Class not in inheritance graph: java.io.ObjectInputFilter
[MASTER] 18:52:22.201 [logback-2] ERROR ConcreteClassAnalyzer - Problem for org.apache.avro.data.TimeConversions$TimestampMillisConversion. Class not found: jdk.Exported
[MASTER] 18:52:22.201 [logback-2] ERROR ConcreteClassAnalyzer - Removing class from inheritance tree
[MASTER] 18:52:22.201 [logback-2] ERROR ConcreteClassAnalyzer - Problem for org.apache.avro.data.TimeConversions$TimestampMillisConversion. Class not found: javax.jws.WebService
[MASTER] 18:52:22.201 [logback-2] ERROR ConcreteClassAnalyzer - Removing class from inheritance tree
[MASTER] 18:52:22.201 [logback-2] ERROR ConcreteClassAnalyzer - Problem for org.apache.avro.data.TimeConversions$TimestampMillisConversion. Class not found: javax.jws.WebParam
[MASTER] 18:52:22.201 [logback-2] ERROR ConcreteClassAnalyzer - Removing class from inheritance tree
[MASTER] 18:52:22.202 [logback-2] ERROR ConcreteClassAnalyzer - Problem for org.apache.avro.data.TimeConversions$TimestampMillisConversion. Class not found: javax.jws.HandlerChain
[MASTER] 18:52:22.202 [logback-2] ERROR ConcreteClassAnalyzer - Removing class from inheritance tree
[MASTER] 18:52:22.202 [logback-2] ERROR ConcreteClassAnalyzer - Problem for org.apache.avro.data.TimeConversions$TimestampMillisConversion. Class not found: javax.jws.WebMethod
[MASTER] 18:52:22.202 [logback-2] ERROR ConcreteClassAnalyzer - Removing class from inheritance tree
[MASTER] 18:52:22.202 [logback-2] ERROR ConcreteClassAnalyzer - Problem for org.apache.avro.data.TimeConversions$TimestampMillisConversion. Class not found: javax.jws.WebResult
[MASTER] 18:52:22.202 [logback-2] ERROR ConcreteClassAnalyzer - Removing class from inheritance tree
[MASTER] 18:52:22.202 [logback-2] ERROR ConcreteClassAnalyzer - Problem for org.apache.avro.data.TimeConversions$TimestampMillisConversion. Class not found: javax.jws.Oneway
[MASTER] 18:52:22.202 [logback-2] ERROR ConcreteClassAnalyzer - Removing class from inheritance tree
[MASTER] 18:52:22.203 [logback-2] ERROR ConcreteClassAnalyzer - Problem for org.apache.avro.data.TimeConversions$TimestampMillisConversion. Class not found: javax.jws.soap.InitParam
[MASTER] 18:52:22.203 [logback-2] ERROR ConcreteClassAnalyzer - Removing class from inheritance tree
[MASTER] 18:52:22.204 [logback-2] ERROR ConcreteClassAnalyzer - Problem for org.apache.avro.data.TimeConversions$TimestampMillisConversion. Class not found: javax.jws.soap.SOAPBinding
[MASTER] 18:52:22.204 [logback-2] ERROR ConcreteClassAnalyzer - Removing class from inheritance tree
[MASTER] 18:52:22.204 [logback-2] ERROR ConcreteClassAnalyzer - Problem for org.apache.avro.data.TimeConversions$TimestampMillisConversion. Class not found: javax.jws.soap.SOAPMessageHandler
[MASTER] 18:52:22.204 [logback-2] ERROR ConcreteClassAnalyzer - Removing class from inheritance tree
[MASTER] 18:52:22.209 [logback-2] ERROR ConcreteClassAnalyzer - Problem for org.apache.avro.data.TimeConversions$TimestampMillisConversion. Class not found: javax.jws.soap.SOAPMessageHandlers
[MASTER] 18:52:22.209 [logback-2] ERROR ConcreteClassAnalyzer - Removing class from inheritance tree
[MASTER] 18:52:22.414 [logback-1] WARN  InheritanceTree - Class not in inheritance graph: java.lang.module.ModuleFinder
* Finished analyzing classpath
* Generating tests for class org.apache.avro.data.TimeConversions$TimestampMillisConversion
* Test criterion:
  - Branch Coverage
* Total number of test goals for DYNAMOSA: 7
* Using seed 12345
* Starting evolution
[Progress:>                             0%] [Cov:>                                  0%]* Initial Number of Goals in DynaMOSA = 7 / 7
[MASTER] 18:52:22.869 [logback-1] WARN  TestCluster - Failed to check cache for java.util.Comparator<T> : Type points to itself
[Progress:>                             0%] [Cov:=============================>     85%][Progress:>                             0%] [Cov:===================================100%]
* Search finished after 1s and 1 generations, 735 statements, best individual has fitness: 0.0
* Minimizing test suite
* Going to analyze the coverage criteria
* Coverage analysis for criterion BRANCH
* Coverage of criterion BRANCH: 100%
* Total number of goals: 7
* Number of covered goals: 7
* Generated 4 tests with total length 12
* Resulting test suite's coverage: 100%
* Generating assertions
* Resulting test suite's mutation score: 33%
* Compiling and checking tests
[MASTER] 18:52:24.550 [logback-1] WARN  JUnitAnalyzer - EvoSuite problem: tests set up a security manager, but they do not remove it after execution
* Writing tests to file
* Writing JUnit test case 'TimeConversions$TimestampMillisConversion_ESTest' to target/evosuite/C4/tests
* Done!

* Computation finished
